
========================================
Email Reset Password
========================================
To: congnbn45@gmail.com
Subject: Đặt lại mật khẩu - KongNguyeen
Date: 2025-08-03 20:56:40

Xin chào Nguyễn Văn Công,

Chúng tôi đã nhận được yêu cầu đặt lại mật khẩu cho tài khoản của bạn.

Nhấp vào link bên dưới để đặt lại mật khẩu:
http://localhost/store/forgot-password.php?token=9c6a4a1e86c78d9ec038b938f7efd57ed7f01b07c5830df63326f6bfdc7d9050

Lưu ý: Link này chỉ có hiệu lực trong 1 giờ.

Nếu bạn không yêu cầu đặt lại mật khẩu, vui lòng bỏ qua email này.

Trân trọng,
KongNguyeen
========================================


========================================
Email Reset Password
========================================
To: congnbn45@gmail.com
Subject: Đặt lại mật khẩu - KongNguyeen
Date: 2025-08-03 21:00:27

Xin chào Nguyễn Văn Công,

Chúng tôi đã nhận được yêu cầu đặt lại mật khẩu cho tài khoản của bạn.

Nhấp vào link bên dưới để đặt lại mật khẩu:
http://localhost/store/forgot-password.php?token=1cbcafd47b53d2fc6286f91f1c0d5dea76efa7c38afd9e241623b04ab538873f

Lưu ý: Link này chỉ có hiệu lực trong 1 giờ.

Nếu bạn không yêu cầu đặt lại mật khẩu, vui lòng bỏ qua email này.

Trân trọng,
KongNguyeen
========================================


========================================
Email Reset Password
========================================
To: congnbn45@gmail.com
Subject: Đặt lại mật khẩu - KongNguyeen
Date: 2025-08-03 21:03:37

Xin chào Nguyễn Văn Công,

Chúng tôi đã nhận được yêu cầu đặt lại mật khẩu cho tài khoản của bạn.

Nhấp vào link bên dưới để đặt lại mật khẩu:
http://localhost/store/forgot-password.php?token=9cf37ccb6319fa7467a3567c5a89a24ca47f008b10414f9cbdf7cf34815d64db

Lưu ý: Link này chỉ có hiệu lực trong 1 giờ.

Nếu bạn không yêu cầu đặt lại mật khẩu, vui lòng bỏ qua email này.

Trân trọng,
KongNguyeen
========================================


========================================
Email Reset Password
========================================
To: congnbn45@gmail.com
Subject: Đặt lại mật khẩu - KongNguyeen
Date: 2025-08-03 21:07:37

Xin chào Nguyễn Văn Công,

Chúng tôi đã nhận được yêu cầu đặt lại mật khẩu cho tài khoản của bạn.

Nhấp vào link bên dưới để đặt lại mật khẩu:
http://localhost/store/forgot-password.php?token=ec114dbcc276e1c47213b4a0b90de8beb221c694d0ee5a2e460bff0e793b4dd6

Lưu ý: Link này chỉ có hiệu lực trong 1 giờ.

Nếu bạn không yêu cầu đặt lại mật khẩu, vui lòng bỏ qua email này.

Trân trọng,
KongNguyeen
========================================


========================================
Email Reset Password
========================================
To: congnbn45@gmail.com
Subject: Đặt lại mật khẩu - KongNguyeen
Date: 2025-08-03 21:12:27

Xin chào Nguyễn Văn Công,

Chúng tôi đã nhận được yêu cầu đặt lại mật khẩu cho tài khoản của bạn.

Nhấp vào link bên dưới để đặt lại mật khẩu:
http://localhost/store/forgot-password.php?token=0c167eeabc308b88a181e811322ff2ac626bdcda6af8a51cff9bcc9cca82ceb4

Lưu ý: Link này chỉ có hiệu lực trong 1 giờ.

Nếu bạn không yêu cầu đặt lại mật khẩu, vui lòng bỏ qua email này.

Trân trọng,
KongNguyeen
========================================

