
========================================
Email Reset Password
========================================
To: congnbn45@gmail.com
Subject: Đặt lại mật khẩu - KongNguyeen
Date: 2025-09-09 14:23:35

Xin chào Nguyễn Văn Công,

Chúng tôi đã nhận được yêu cầu đặt lại mật khẩu cho tài khoản của bạn.

Nhấp vào link bên dưới để đặt lại mật khẩu:
http://localhost/store/forgot-password.php?token=4da6f4581038c0993d3da315d532b3c55a4be7159c9d1c2a7b76a05cc0d13b2c

Lưu ý: Link này chỉ có hiệu lực trong 1 giờ.

Nếu bạn không yêu cầu đặt lại mật khẩu, vui lòng bỏ qua email này.

Trân trọng,
KongNguyeen
========================================


========================================
Email Reset Password
========================================
To: congnbn45@gmail.com
Subject: Đặt lại mật khẩu - KongNguyeen
Date: 2025-09-09 14:23:40

Xin chào Nguyễn Văn Công,

Chúng tôi đã nhận được yêu cầu đặt lại mật khẩu cho tài khoản của bạn.

Nhấp vào link bên dưới để đặt lại mật khẩu:
http://localhost/store/forgot-password.php?token=79455da0132280308000e86323d8ddb0b45832fe2a52b0afbcfbfda867ea70fc

Lưu ý: Link này chỉ có hiệu lực trong 1 giờ.

Nếu bạn không yêu cầu đặt lại mật khẩu, vui lòng bỏ qua email này.

Trân trọng,
KongNguyeen
========================================


========================================
Email Reset Password
========================================
To: congnbn45@gmail.com
Subject: Đặt lại mật khẩu - KongNguyeen
Date: 2025-09-09 14:23:48

Xin chào Nguyễn Văn Công,

Chúng tôi đã nhận được yêu cầu đặt lại mật khẩu cho tài khoản của bạn.

Nhấp vào link bên dưới để đặt lại mật khẩu:
http://localhost/store/forgot-password.php?token=291e92434f5d1b6c48aa0dc4f16ebf3f7fa5ee6f1357ffabaaca878c9c45f6e1

Lưu ý: Link này chỉ có hiệu lực trong 1 giờ.

Nếu bạn không yêu cầu đặt lại mật khẩu, vui lòng bỏ qua email này.

Trân trọng,
KongNguyeen
========================================


========================================
Email Reset Password
========================================
To: congnbn45@gmail.com
Subject: Đặt lại mật khẩu - KongNguyeen
Date: 2025-09-09 14:23:55

Xin chào Nguyễn Văn Công,

Chúng tôi đã nhận được yêu cầu đặt lại mật khẩu cho tài khoản của bạn.

Nhấp vào link bên dưới để đặt lại mật khẩu:
http://localhost/store/forgot-password.php?token=773ebe88d9777d37119a9390f90f4922e47d0964cd59f6859be7df3ef08eff78

Lưu ý: Link này chỉ có hiệu lực trong 1 giờ.

Nếu bạn không yêu cầu đặt lại mật khẩu, vui lòng bỏ qua email này.

Trân trọng,
KongNguyeen
========================================


========================================
Email Reset Password
========================================
To: congnbn45@gmail.com
Subject: Đặt lại mật khẩu - KongNguyeen
Date: 2025-09-09 14:24:38

Xin chào Nguyễn Văn Công,

Chúng tôi đã nhận được yêu cầu đặt lại mật khẩu cho tài khoản của bạn.

Nhấp vào link bên dưới để đặt lại mật khẩu:
http://localhost/store/forgot-password.php?token=66eb32f20f36f8307e02cf4dda5284eb440e891796d2aa8ba41d5fbd5876f62c

Lưu ý: Link này chỉ có hiệu lực trong 1 giờ.

Nếu bạn không yêu cầu đặt lại mật khẩu, vui lòng bỏ qua email này.

Trân trọng,
KongNguyeen
========================================


========================================
Email Reset Password
========================================
To: congnbn45@gmail.com
Subject: Đặt lại mật khẩu - KongNguyeen
Date: 2025-09-09 14:24:46

Xin chào Nguyễn Văn Công,

Chúng tôi đã nhận được yêu cầu đặt lại mật khẩu cho tài khoản của bạn.

Nhấp vào link bên dưới để đặt lại mật khẩu:
http://localhost/store/forgot-password.php?token=1dbec0e83c3d52cbb5e740ebf874830fca90f6539c43901db98233003619fe03

Lưu ý: Link này chỉ có hiệu lực trong 1 giờ.

Nếu bạn không yêu cầu đặt lại mật khẩu, vui lòng bỏ qua email này.

Trân trọng,
KongNguyeen
========================================


========================================
Email Reset Password
========================================
To: congnbn45@gmail.com
Subject: Đặt lại mật khẩu - KongNguyeen
Date: 2025-09-09 14:25:17

Xin chào Nguyễn Văn Công,

Chúng tôi đã nhận được yêu cầu đặt lại mật khẩu cho tài khoản của bạn.

Nhấp vào link bên dưới để đặt lại mật khẩu:
http://localhost/store/forgot-password.php?token=4da6f4581038c0993d3da315d532b3c55a4be7159c9d1c2a7b76a05cc0d13b2c&id=b866a6d1-4c3f-4084-993c-a39f968d842d&vscodeBrowserReqId=1757402711139?token=bb36b8de8476f4110fc32f91b53a868d5a6d7bd91942e8c99b7760857e8e9f45

Lưu ý: Link này chỉ có hiệu lực trong 1 giờ.

Nếu bạn không yêu cầu đặt lại mật khẩu, vui lòng bỏ qua email này.

Trân trọng,
KongNguyeen
========================================


========================================
Email Reset Password
========================================
To: congnbn45@gmail.com
Subject: Đặt lại mật khẩu - KongNguyeen
Date: 2025-09-09 14:26:09

Xin chào Nguyễn Văn Công,

Chúng tôi đã nhận được yêu cầu đặt lại mật khẩu cho tài khoản của bạn.

Nhấp vào link bên dưới để đặt lại mật khẩu:
http://localhost/store/forgot-password.php?token=958e6edcde4fe44a46a7fe6329a7c21aa982f1fdd2745677ff89d7ebec68429d

Lưu ý: Link này chỉ có hiệu lực trong 1 giờ.

Nếu bạn không yêu cầu đặt lại mật khẩu, vui lòng bỏ qua email này.

Trân trọng,
KongNguyeen
========================================


========================================
Email Reset Password
========================================
To: congnbn45@gmail.com
Subject: Đặt lại mật khẩu - KongNguyeen
Date: 2025-09-09 14:27:26

Xin chào Nguyễn Văn Công,

Chúng tôi đã nhận được yêu cầu đặt lại mật khẩu cho tài khoản của bạn.

Nhấp vào link bên dưới để đặt lại mật khẩu:
http://localhost/store/forgot-password.php?token=33cf814a3a0a64e6df1b78b9e7a16c213385261ac5afe423a3048ecf02e30bbd

Lưu ý: Link này chỉ có hiệu lực trong 1 giờ.

Nếu bạn không yêu cầu đặt lại mật khẩu, vui lòng bỏ qua email này.

Trân trọng,
KongNguyeen
========================================


========================================
Email Reset Password
========================================
To: congnbn45@gmail.com
Subject: Đặt lại mật khẩu - KongNguyeen
Date: 2025-09-09 14:27:30

Xin chào Nguyễn Văn Công,

Chúng tôi đã nhận được yêu cầu đặt lại mật khẩu cho tài khoản của bạn.

Nhấp vào link bên dưới để đặt lại mật khẩu:
http://localhost/store/forgot-password.php?token=e4577107f1848e63e9dffcd61676889eff9f59ee413947392b5e017931b2a80a

Lưu ý: Link này chỉ có hiệu lực trong 1 giờ.

Nếu bạn không yêu cầu đặt lại mật khẩu, vui lòng bỏ qua email này.

Trân trọng,
KongNguyeen
========================================


========================================
Email Reset Password
========================================
To: congnbn45@gmail.com
Subject: Đặt lại mật khẩu - KongNguyeen
Date: 2025-09-09 14:28:59

Xin chào Nguyễn Văn Công,

Chúng tôi đã nhận được yêu cầu đặt lại mật khẩu cho tài khoản của bạn.

Nhấp vào link bên dưới để đặt lại mật khẩu:
http://localhost/store/forgot-password.php?token=084393d97bb20194d204595e9f53d22ff752526ac7b3a3395860512f414834f1

Lưu ý: Link này chỉ có hiệu lực trong 1 giờ.

Nếu bạn không yêu cầu đặt lại mật khẩu, vui lòng bỏ qua email này.

Trân trọng,
KongNguyeen
========================================


========================================
Email Reset Password
========================================
To: congnbn45@gmail.com
Subject: Đặt lại mật khẩu - KongNguyeen
Date: 2025-09-09 14:29:05

Xin chào Nguyễn Văn Công,

Chúng tôi đã nhận được yêu cầu đặt lại mật khẩu cho tài khoản của bạn.

Nhấp vào link bên dưới để đặt lại mật khẩu:
http://localhost/store/forgot-password.php?token=c0d3e1a09326817a0cdae46fba7bf0c85ade2d9c354fb48317716085c842b0db

Lưu ý: Link này chỉ có hiệu lực trong 1 giờ.

Nếu bạn không yêu cầu đặt lại mật khẩu, vui lòng bỏ qua email này.

Trân trọng,
KongNguyeen
========================================


========================================
Email Reset Password
========================================
To: congnbn45@gmail.com
Subject: Đặt lại mật khẩu - KongNguyeen
Date: 2025-09-09 14:29:12

Xin chào Nguyễn Văn Công,

Chúng tôi đã nhận được yêu cầu đặt lại mật khẩu cho tài khoản của bạn.

Nhấp vào link bên dưới để đặt lại mật khẩu:
http://localhost/store/forgot-password.php?token=4e96e0ff6edded262ff609324bfc3c8fc9f2e7b799d265e4a0a432afc94009d4

Lưu ý: Link này chỉ có hiệu lực trong 1 giờ.

Nếu bạn không yêu cầu đặt lại mật khẩu, vui lòng bỏ qua email này.

Trân trọng,
KongNguyeen
========================================


========================================
Email Reset Password
========================================
To: congnbn45@gmail.com
Subject: Đặt lại mật khẩu - KongNguyeen
Date: 2025-09-09 14:30:47

Xin chào Nguyễn Văn Công,

Chúng tôi đã nhận được yêu cầu đặt lại mật khẩu cho tài khoản của bạn.

Nhấp vào link bên dưới để đặt lại mật khẩu:
http://localhost/store/forgot-password.php?token=4fb19d104857e1a25b582a18ff55dfde8ed16eb7e40cfe1a292dd00d85523890

Lưu ý: Link này chỉ có hiệu lực trong 1 giờ.

Nếu bạn không yêu cầu đặt lại mật khẩu, vui lòng bỏ qua email này.

Trân trọng,
KongNguyeen
========================================


========================================
Email Reset Password
========================================
To: congnbn45@gmail.com
Subject: Đặt lại mật khẩu - KongNguyeen
Date: 2025-09-09 14:31:00

Xin chào Nguyễn Văn Công,

Chúng tôi đã nhận được yêu cầu đặt lại mật khẩu cho tài khoản của bạn.

Nhấp vào link bên dưới để đặt lại mật khẩu:
http://localhost/store/forgot-password.php?token=144f3943deecab45a84ec5a7a6b873050c56e24112b2efaab42123cd89034cf4

Lưu ý: Link này chỉ có hiệu lực trong 1 giờ.

Nếu bạn không yêu cầu đặt lại mật khẩu, vui lòng bỏ qua email này.

Trân trọng,
KongNguyeen
========================================


========================================
Email Reset Password
========================================
To: congnbn45@gmail.com
Subject: Đặt lại mật khẩu - KongNguyeen
Date: 2025-09-09 14:31:58

Xin chào Nguyễn Văn Công,

Chúng tôi đã nhận được yêu cầu đặt lại mật khẩu cho tài khoản của bạn.

Nhấp vào link bên dưới để đặt lại mật khẩu:
http://localhost/store/forgot-password.php?token=9104e59688c30fe2c3f0666903cfa20215565e0d30b962f2739c7cb8262a3463

Lưu ý: Link này chỉ có hiệu lực trong 1 giờ.

Nếu bạn không yêu cầu đặt lại mật khẩu, vui lòng bỏ qua email này.

Trân trọng,
KongNguyeen
========================================


========================================
Email Reset Password
========================================
To: congnbn45@gmail.com
Subject: Đặt lại mật khẩu - KongNguyeen
Date: 2025-09-09 14:32:49

Xin chào Nguyễn Văn Công,

Chúng tôi đã nhận được yêu cầu đặt lại mật khẩu cho tài khoản của bạn.

Nhấp vào link bên dưới để đặt lại mật khẩu:
http://localhost/store/forgot-password.php?token=d5abc53765267aca222dc29077bf682da0fe8bfa3926ca29c7a6f8f17c62ea7f

Lưu ý: Link này chỉ có hiệu lực trong 1 giờ.

Nếu bạn không yêu cầu đặt lại mật khẩu, vui lòng bỏ qua email này.

Trân trọng,
KongNguyeen
========================================


========================================
Email Reset Password
========================================
To: congnbn45@gmail.com
Subject: Đặt lại mật khẩu - KongNguyeen
Date: 2025-09-09 14:32:53

Xin chào Nguyễn Văn Công,

Chúng tôi đã nhận được yêu cầu đặt lại mật khẩu cho tài khoản của bạn.

Nhấp vào link bên dưới để đặt lại mật khẩu:
http://localhost/store/forgot-password.php?token=b5b3caf8c98eccabf5694a41e74c24bab31dfadfa7cb91aa761b35baf0ddeef0

Lưu ý: Link này chỉ có hiệu lực trong 1 giờ.

Nếu bạn không yêu cầu đặt lại mật khẩu, vui lòng bỏ qua email này.

Trân trọng,
KongNguyeen
========================================


========================================
Email Reset Password
========================================
To: congnbn45@gmail.com
Subject: Đặt lại mật khẩu - KongNguyeen
Date: 2025-09-09 14:34:26

Xin chào Nguyễn Văn Công,

Chúng tôi đã nhận được yêu cầu đặt lại mật khẩu cho tài khoản của bạn.

Nhấp vào link bên dưới để đặt lại mật khẩu:
http://localhost/store/forgot-password.php?token=7be23eaf629e41a87b641743cad9fd6a916bb49246b8f774faf83120c58c84ae

Lưu ý: Link này chỉ có hiệu lực trong 1 giờ.

Nếu bạn không yêu cầu đặt lại mật khẩu, vui lòng bỏ qua email này.

Trân trọng,
KongNguyeen
========================================


========================================
Email Reset Password
========================================
To: congnbn45@gmail.com
Subject: Đặt lại mật khẩu - KongNguyeen
Date: 2025-09-09 14:37:52

Xin chào Nguyễn Văn Công,

Chúng tôi đã nhận được yêu cầu đặt lại mật khẩu cho tài khoản của bạn.

Nhấp vào link bên dưới để đặt lại mật khẩu:
http://localhost/store/forgot-password.php?token=c150649bc1306ac3ed25d5f1dd26db75cbfa4b681d178db11295ab2510f2efd5

Lưu ý: Link này chỉ có hiệu lực trong 1 giờ.

Nếu bạn không yêu cầu đặt lại mật khẩu, vui lòng bỏ qua email này.

Trân trọng,
KongNguyeen
========================================

